1926 1890 1002
1810 1702 950
1255 1213 655
992 992 514
