262002662 263118189 220570067 274494971
452595870 454051269 380149180 471532040
346528676 347735845 290921626 361004731
598335509 600343065 502878534 624201332
560601488 562806099 471235085 585445370
588057973 589989929 493819768 612594506
480684261 482442448 403699222 501096308
387176861 388709383 325253249 404247611
689487180 692081999 579487721 719621127
484583791 486303151 407001943 505552826
