430359064 532588404 652386258 276230057 349512512 599628465 567013517
322376487 398981494 488682164 206916897 261833001 449157962 424742627
289715571 358532285 439312378 185997167 235276618 403728989 381729433
276143569 341808735 418519972 177218013 224318582 384687741 363820732
311787639 385879698 472469484 200067079 253239845 434333744 410770479
161700108 200100273 245091098 103778055 131317571 225290660 213040768
267434275 330963010 405508006 171688934 217192597 372664915 352367516
389129984 481542631 589834246 249748292 316012925 542171457 512685094
