264684192 416580192 381843552 507667680 568340448 474400512 595502880 406153536 590187360 556618848 820046880 705516192
303283970 477331470 437529070 581702550 651223430 543583920 682347050 465384260 676256350 637792430 939637050 808403970
300526843 472992093 433551533 576414345 645303217 538642248 676143895 461153494 670108565 631994317 931094895 801054843
88228064 138860064 127281184 169222560 189446816 158133504 198500960 135384512 196729120 185539616 273348960 235172064
300526843 472992093 433551533 576414345 645303217 538642248 676143895 461153494 670108565 631994317 931094895 801054843
248141430 390543930 357978330 475938450 532819170 444750480 558283950 380768940 553300650 521830170 768793950 661421430
60656794 95466294 87505814 116340510 130244686 108716784 136469410 93076852 135251270 127558486 187927410 161680794
